BUILD_START_UTC=2026-08-15T18:06:22Z
becb13072624fce1129cfce377882bc2fb647cb8
v0.1.8
   Compiling proc-macro2 v1.0.106
   Compiling unicode-ident v1.0.24
   Compiling quote v1.0.45
   Compiling stable_deref_trait v1.2.1
   Compiling version_check v0.9.5
   Compiling cfg-if v1.0.4
   Compiling shlex v1.3.0
   Compiling find-msvc-tools v0.1.9
   Compiling litemap v0.8.1
   Compiling writeable v0.6.2
   Compiling icu_properties_data v2.2.0
   Compiling libc v0.2.186
   Compiling icu_normalizer_data v2.2.0
   Compiling utf8_iter v1.0.4
   Compiling zeroize v1.8.2
   Compiling zerocopy v0.8.55
   Compiling once_cell v1.21.4
   Compiling cc v1.2.59
   Compiling smallvec v1.15.1
   Compiling rustls-pki-types v1.14.0
   Compiling typenum v1.20.1
   Compiling pkg-config v0.3.33
   Compiling vcpkg v0.2.15
   Compiling generic-array v0.14.7
   Compiling ahash v0.8.12
   Compiling untrusted v0.9.0
   Compiling crc32fast v1.5.0
   Compiling rustls v0.23.37
   Compiling adler2 v2.0.1
   Compiling simd-adler32 v0.3.9
   Compiling percent-encoding v2.3.2
   Compiling zmij v1.0.21
   Compiling serde_core v1.0.228
   Compiling webpki-roots v1.0.6
   Compiling form_urlencoded v1.2.2
   Compiling miniz_oxide v0.8.9
   Compiling serde_json v1.0.149
   Compiling log v0.4.29
   Compiling subtle v2.6.1
   Compiling webpki-roots v0.26.11
   Compiling syn v2.0.117
   Compiling fallible-iterator v0.3.0
   Compiling bitflags v2.13.1
   Compiling fallible-streaming-iterator v0.1.9
   Compiling getrandom v0.2.17
   Compiling flate2 v1.1.9
   Compiling cpufeatures v0.2.17
   Compiling tightbeam v0.1.8 (/home/clu/tb018-replacement-staging/source/cli)
   Compiling memchr v2.8.1
   Compiling itoa v1.0.18
   Compiling base64 v0.22.1
   Compiling ring v0.17.14
   Compiling libsqlite3-sys v0.30.1
   Compiling crypto-common v0.1.7
   Compiling block-buffer v0.10.4
   Compiling digest v0.10.7
   Compiling sha2 v0.10.9
   Compiling synstructure v0.13.2
   Compiling zerovec-derive v0.11.3
   Compiling displaydoc v0.2.5
   Compiling zerofrom-derive v0.1.6
   Compiling yoke-derive v0.8.2
   Compiling zerofrom v0.1.6
   Compiling yoke v0.8.2
   Compiling zerovec v0.11.6
   Compiling zerotrie v0.2.4
   Compiling hashbrown v0.14.5
   Compiling tinystr v0.8.3
   Compiling potential_utf v0.1.4
   Compiling icu_collections v2.2.0
   Compiling hashlink v0.9.1
   Compiling icu_locale_core v2.2.0
   Compiling icu_provider v2.2.0
   Compiling icu_properties v2.2.0
   Compiling icu_normalizer v2.2.0
   Compiling idna_adapter v1.2.1
   Compiling idna v1.1.0
   Compiling url v2.5.8
   Compiling rustls-webpki v0.103.13
   Compiling ureq v2.12.1
   Compiling rusqlite v0.32.1
warning: variable `leader_exited` is assigned to, but never used
   --> src/child_process.rs:104:9
    |
104 |     let mut leader_exited = false;
    |         ^^^^^^^^^^^^^^^^^
    |
    = note: consider using `_leader_exited` instead
    = note: `#[warn(unused_variables)]` (part of `#[warn(unused)]`) on by default

warning: value assigned to `leader_exited` is never read
   --> src/child_process.rs:107:13
    |
107 |             leader_exited = true;
    |             ^^^^^^^^^^^^^^^^^^^^
    |
    = help: maybe it is overwritten before being read?
    = note: `#[warn(unused_assignments)]` (part of `#[warn(unused)]`) on by default

warning: struct `NonblockingFd` is never constructed
   --> src/child_process.rs:459:19
    |
459 | pub(crate) struct NonblockingFd {
    |                   ^^^^^^^^^^^^^
    |
    = note: `#[warn(dead_code)]` (part of `#[warn(unused)]`) on by default

warning: associated function `new` is never used
   --> src/child_process.rs:465:19
    |
464 | impl NonblockingFd {
    | ------------------ associated function in this implementation
465 |     pub(crate) fn new(fd: libc::c_int) -> Result<Self, String> {
    |                   ^^^

warning: method `deadline` is never used
   --> src/child_process.rs:612:19
    |
601 | impl Supervised {
    | --------------- method in this implementation
...
612 |     pub(crate) fn deadline(&self) -> Instant {
    |                   ^^^^^^^^

warning: `tightbeam` (bin "tightbeam") generated 5 warnings
    Finished `release` profile [optimized] target(s) in 56.81s
BUILD_END_UTC=2026-08-15T18:07:22Z
